// Jest Snapshot v1, https://goo.gl/fbAQLP

exports[`ResourcesAxisComponent should not render if view model is null 1`] = `
<div
  id="root0"
  ngx-d3timeline-resources-axis=""
>
  
</div>
`;

exports[`ResourcesAxisComponent should render correctly 1`] = `
<div
  id="root1"
  ngx-d3timeline-resources-axis=""
>
  
  <g
    class="resources-axis-group"
  >
    
    <g
      transform="translate(0, 10)"
    >
      <text
        dx="0"
        dy="1"
      >
         tick 1 
      </text>
      <g
        ngx-d3timeline-line=""
      >
        <g />
      </g>
    </g>
    <g
      transform="translate(0, 20)"
    >
      <text
        dx="0"
        dy="2"
      >
         tick 2 
      </text>
      <g
        ngx-d3timeline-line=""
      >
        <g />
      </g>
    </g>
    <g
      ngx-d3timeline-line=""
    >
      <g />
    </g>
  </g>
</div>
`;
