// Jest Snapshot v1, https://goo.gl/fbAQLP

exports[`ResourcesAxisComponent should not render if view model is null 1`] = `
<div
  id="root0"
  ngx-d3timeline-resources-axis=""
>
  
</div>
`;

exports[`ResourcesAxisComponent should render correctly 1`] = `
<div
  id="root1"
  ngx-d3timeline-resources-axis=""
>
  
  <g
    class="resources-axis-group"
  >
    
    <g
      ngx-d3timeline-axis-tick-mark=""
    >
      <g
        class="axis-tick-mark"
      />
    </g>
    <g
      ngx-d3timeline-axis-tick-mark=""
    >
      <g
        class="axis-tick-mark"
      />
    </g>
    <g
      ngx-d3timeline-line=""
    >
      <g />
    </g>
  </g>
</div>
`;
