// Jest Snapshot v1, https://goo.gl/fbAQLP

exports[`TimeAxisComponent should not render if view model is null 1`] = `
<div
  id="root0"
  ngx-d3timeline-time-axis=""
>
  
</div>
`;

exports[`TimeAxisComponent should render correctly 1`] = `
<div
  id="root1"
  ngx-d3timeline-time-axis=""
>
  
  <g
    class="time-axis-group"
  >
    
    <g
      transform="translate(0, 10)"
    >
      <text
        dx="-7"
      >
         tick 1 
      </text>
      <line
        class="tick-line"
        x2="-5"
      />
    </g>
    <g
      transform="translate(0, 20)"
    >
      <text
        dx="-7"
      >
         tick 2 
      </text>
      <line
        class="tick-line"
        x2="-5"
      />
    </g>
    <g
      ngx-d3timeline-axis-line=""
    >
      <g />
    </g>
  </g>
</div>
`;
