// Jest Snapshot v1, https://goo.gl/fbAQLP

exports[`AxisComponent should render correctly 1`] = `
<div
  id="root0"
  ngx-d3timeline-axis=""
>
  <g
    class="axis-group"
  >
    
    <g
      ngx-d3timeline-axis-tick-mark=""
    >
      <g
        class="axis-tick-mark"
      />
    </g>
    <g
      ngx-d3timeline-axis-tick-mark=""
    >
      <g
        class="axis-tick-mark"
      />
    </g>
    <g
      ngx-d3timeline-line=""
    >
      <g />
    </g>
  </g>
</div>
`;
