// Jest Snapshot v1, https://goo.gl/fbAQLP

exports[`ContentComponent should not render if view model is null 1`] = `
<div
  id="root0"
  ngx-d3timeline-content=""
>
  
</div>
`;

exports[`ContentComponent when Vertical should render correctly 1`] = `
<div
  id="root1"
  ngx-d3timeline-content=""
>
  
  <g
    class="content-group"
  >
    
    <g
      transform="translate(0, 316.3265933255485)"
    >
      <rect
        height="33.673406674451485"
        width="83.33333333333333"
      />
      <text
        dy="1em"
      >
        Driving
      </text>
    </g>
    <g
      transform="translate(0, 0)"
    >
      <rect
        height="49.78182041669228"
        width="83.33333333333333"
      />
      <text
        dy="1em"
      >
        Driving
      </text>
    </g>
    <g
      transform="translate(0, 49.78182041669228)"
    >
      <rect
        height="8.296970069448712"
        width="83.33333333333333"
      />
      <text
        dy="1em"
      >
        DriveBreak
      </text>
    </g>
    <g
      transform="translate(83.33333333333333, 64.65183455227091)"
    >
      <rect
        height="1.5702784094401068"
        width="83.33333333333333"
      />
      <text
        dy="1em"
      >
        Driving
      </text>
    </g>
    <g
      transform="translate(83.33333333333333, 56.3548644828222)"
    >
      <rect
        height="0.23354434269558766"
        width="83.33333333333333"
      />
      <text
        dy="1em"
      >
        Waiting
      </text>
    </g>
    <g
      transform="translate(83.33333333333333, 106.13668489951448)"
    >
      <rect
        height="12.43623624854034"
        width="83.33333333333333"
      />
      <text
        dy="1em"
      >
        Driving
      </text>
    </g>
    <g
      transform="translate(166.66666666666666, 316.3265933255485)"
    >
      <rect
        height="33.673406674451485"
        width="83.33333333333333"
      />
      <text
        dy="1em"
      >
        Driving
      </text>
    </g>
    <g
      transform="translate(166.66666666666666, 0)"
    >
      <rect
        height="49.78182041669228"
        width="83.33333333333333"
      />
      <text
        dy="1em"
      >
        Driving
      </text>
    </g>
    <g
      transform="translate(166.66666666666666, 49.78182041669228)"
    >
      <rect
        height="8.296970069448712"
        width="83.33333333333333"
      />
      <text
        dy="1em"
      >
        DriveBreak
      </text>
    </g>
  </g>
</div>
`;
